 ⨯ Error: Cannot find module './522.js'
Require stack:
- C:\Users\Asus\Downloads\hq\.next\server\webpack-runtime.js
- C:\Users\Asus\Downloads\hq\.next\server\pages\_document.js
- C:\Users\Asus\Downloads\hq\node_modules\.pnpm\next@14.2.35_react-dom@18.3.1_react@18.3.1__react@18.3.1\node_modules\next\dist\server\require.js
- C:\Users\Asus\Downloads\hq\node_modules\.pnpm\next@14.2.35_react-dom@18.3.1_react@18.3.1__react@18.3.1\node_modules\next\dist\server\next-server.js
- C:\Users\Asus\Downloads\hq\node_modules\.pnpm\next@14.2.35_react-dom@18.3.1_react@18.3.1__react@18.3.1\node_modules\next\dist\server\next.js
- C:\Users\Asus\Downloads\hq\node_modules\.pnpm\next@14.2.35_react-dom@18.3.1_react@18.3.1__react@18.3.1\node_modules\next\dist\server\lib\start-server.js
- C:\Users\Asus\Downloads\hq\node_modules\.pnpm\next@14.2.35_react-dom@18.3.1_react@18.3.1__react@18.3.1\node_modules\next\dist\cli\next-start.js
    at Module.<anonymous> (node:internal/modules/cjs/loader:1456:15)
    at C:\Users\Asus\Downloads\hq\node_modules\.pnpm\next@14.2.35_react-dom@18.3.1_react@18.3.1__react@18.3.1\node_modules\next\dist\server\require-hook.js:55:36
    at defaultResolveImpl (node:internal/modules/cjs/loader:1066:19)
    at resolveForCJSWithHooks (node:internal/modules/cjs/loader:1071:22)
    at Module._load (node:internal/modules/cjs/loader:1242:25)
    at wrapModuleLoad (node:internal/modules/cjs/loader:255:19)
    at Module.<anonymous> (node:internal/modules/cjs/loader:1556:12)
    at mod.require (C:\Users\Asus\Downloads\hq\node_modules\.pnpm\next@14.2.35_react-dom@18.3.1_react@18.3.1__react@18.3.1\node_modules\next\dist\server\require-hook.js:65:28)
    at require (node:internal/modules/helpers:152:16)
    at __webpack_require__.f.require (C:\Users\Asus\Downloads\hq\.next\server\webpack-runtime.js:203:28) {
  code: 'MODULE_NOT_FOUND',
  requireStack: [
    'C:\\Users\\Asus\\Downloads\\hq\\.next\\server\\webpack-runtime.js',
    'C:\\Users\\Asus\\Downloads\\hq\\.next\\server\\pages\\_document.js',
    'C:\\Users\\Asus\\Downloads\\hq\\node_modules\\.pnpm\\next@14.2.35_react-dom@18.3.1_react@18.3.1__react@18.3.1\\node_modules\\next\\dist\\server\\require.js',
    'C:\\Users\\Asus\\Downloads\\hq\\node_modules\\.pnpm\\next@14.2.35_react-dom@18.3.1_react@18.3.1__react@18.3.1\\node_modules\\next\\dist\\server\\next-server.js',
    'C:\\Users\\Asus\\Downloads\\hq\\node_modules\\.pnpm\\next@14.2.35_react-dom@18.3.1_react@18.3.1__react@18.3.1\\node_modules\\next\\dist\\server\\next.js',
    'C:\\Users\\Asus\\Downloads\\hq\\node_modules\\.pnpm\\next@14.2.35_react-dom@18.3.1_react@18.3.1__react@18.3.1\\node_modules\\next\\dist\\server\\lib\\start-server.js',
    'C:\\Users\\Asus\\Downloads\\hq\\node_modules\\.pnpm\\next@14.2.35_react-dom@18.3.1_react@18.3.1__react@18.3.1\\node_modules\\next\\dist\\cli\\next-start.js'
  ]
}
